exports[`Chat matches snapshot 1`] = `
<div
  className="outerWrapper-4263549467">
  <div
    className="box-4225728987">
    <div
      className="innerWrapper-796889303">
      <div
        className="header-181289956">
        <span
          className={undefined}>
          <strong>
            John
          </strong>
           from 
          ACME
        </span>
        <button
          className="icon-1322118302"
          onClick={[Function]}>
          ×
        </button>
      </div>
      <div
        className="messages-3123522651">
        <div
          className="messagesWrapper-901972915">
          <ul
            className="messagesList-539233948" />
        </div>
      </div>
      <textarea
        className="input-425402174"
        onKeyDown={[Function]}
        placeholder="Type a message…"
        type="text" />
    </div>
  </div>
</div>
`;

exports[`Input matches snapshot 1`] = `
<textarea
  className="input-425402174"
  onKeyDown={[Function]}
  placeholder="Type a message…"
  type="text" />
`;

exports[`Message matches snapshot 1`] = `
<li
  className="letschat-message"
  id="message_undefined"
  style={
    Object {
      "clear": "both",
    }
  }>
  <div>
    <ul
      className="userContent-1750191772">
      <li>
        Foo Bar
      </li>
    </ul>
  </div>
  <span
    className="letschat-message-timestamp" />
</li>
`;

exports[`MessageList matches snapshot 1`] = `
<div
  className="messages-3123522651">
  <div
    className="messagesWrapper-901972915">
    <ul
      className="messagesList-539233948" />
  </div>
</div>
`;
