// Jest Snapshot v1, https://goo.gl/fbAQLP

exports[`<App /> matches snapshot 1`] = `"<div class=\\"mnml--messenger closed\\"><header style=\\"background-color: test;\\" class=\\"Header--messenger\\"><span class=\\"Header__title--messenger\\">Chat with John</span><button class=\\"Header__closeBtn--messenger\\"><span>...</span></button></header></div>"`;
